// Jest Snapshot v1, https://goo.gl/fbAQLP

exports[`Pruebas con getGif Fetch debe de mostrarse correctamente  1`] = `
<Fragment>
  <form
    onSubmit={[Function]}
  >
    <input
      onChange={[Function]}
      type="text"
      value="Hola mundo"
    />
  </form>
</Fragment>
`;
